// Jest Snapshot v1, https://goo.gl/fbAQLP

exports[`index.vue page reders the page 1`] = `
"<div>
  <category-stub data=\\"[object Object]\\"></category-stub>
</div>"
`;
