// Jest Snapshot v1, https://goo.gl/fbAQLP

exports[`search index.vue page reders the page 1`] = `
"<v-layout-stub tag=\\"div\\" row=\\"\\">
  <v-flex-stub tag=\\"div\\">
    <div>
      <h1>Results</h1>
    </div>
    <contentsgrid-stub livesearch=\\"true\\"></contentsgrid-stub>
  </v-flex-stub>
</v-layout-stub>"
`;
